---
source: tests/test_formatting.rs
expression: result
---
"\u001b[37m[12:34:56]\u001b[0;39;49m \u001b[34mINFO \u001b[0;39;49m User successfully logged in.\n           \u001b[36msession_id  \u001b[0;39;49m:\u001b[37mabcde12345\u001b[0;39;49m\n           \u001b[36muser_id     \u001b[0;39;49m:\u001b[37m12345\u001b[0;39;49m\n\u001b[37m[12:35:01]\u001b[0;39;49m \u001b[33mWARN \u001b[0;39;49m Login attempt failed due to invalid password.\n           \u001b[36muser_id     \u001b[0;39;49m:\u001b[37m12345\u001b[0;39;49m\n\u001b[37m[12:35:10]\u001b[0;39;49m \u001b[31mERROR\u001b[0;39;49m Database connection failed.\n           \u001b[36merror_code  \u001b[0;39;49m:\u001b[37mDB_CONN_ERR\u001b[0;39;49m\n           \u001b[36mretry_count \u001b[0;39;49m:\u001b[37m3\u001b[0;39;49m\n\u001b[37m[12:36:00]\u001b[0;39;49m \u001b[35mTRACE\u001b[0;39;49m Background job processing started.\n           \u001b[36mjob_id      \u001b[0;39;49m:\u001b[37mjob_67890\u001b[0;39;49m\n           \u001b[36mqueue       \u001b[0;39;49m:\u001b[37memail_notifications\u001b[0;39;49m\n\u001b[37m[12:36:30]\u001b[0;39;49m \u001b[32mDEBUG\u001b[0;39;49m User profile updated.\n           \u001b[36mupdate      \u001b[0;39;49m:\u001b[37m[\"email\",\"username\"]\u001b[0;39;49m\n           \u001b[36muser_id     \u001b[0;39;49m:\u001b[37m12345\u001b[0;39;49m\n\u001b[37m[12:36:30]\u001b[0;39;49m \u001b[41;30mCRITICAL\u001b[0;39;49m Missing funds\n           \u001b[36muser_id     \u001b[0;39;49m:\u001b[37m12345\u001b[0;39;49m\n\u001b[37m[12:35:10]\u001b[0;39;49m \u001b[35mTRACE\u001b[0;39;49m [\u001b[36mmetrics\u001b[0;39;49m] \n           \u001b[36mtemp        \u001b[0;39;49m:\u001b[37m80\u001b[0;39;49m\n           \u001b[36mtype        \u001b[0;39;49m:\u001b[37mcpu\u001b[0;39;49m\n\u001b[37m[12:35:10]\u001b[0;39;49m \u001b[35mTRACE\u001b[0;39;49m [\u001b[36mmetrics\u001b[0;39;49m] very high temp!\n           \u001b[36mtemp        \u001b[0;39;49m:\u001b[37m199\u001b[0;39;49m\n           \u001b[36mtype        \u001b[0;39;49m:\u001b[37mcpu\u001b[0;39;49m"
